node : node:internal/modul
es/package_json_reader:316
At line:1 char:1
+ node 
test-delete-category.js > 
test-output.txt 2>&1 ; 
cat test-output ...
+ ~~~~~~~~~~~~~~~~~~~~~~~~
~~~~~~~~~~~~~~~~~~~~~~~~~~
~
    + CategoryInfo        
      : NotSpecified: (n  
  ode:internal/m...json   
 _reader:316:String) [    
], RemoteException
    + FullyQualifiedError 
   Id : NativeCommandErr  
  or
 
  throw new ERR_MODULE_NOT
_FOUND(packageName, 
fileURLToPath(base), 
null);
        ^

Error 
[ERR_MODULE_NOT_FOUND]: 
Cannot find package 
'dotenv' imported from C:\
Users\paula\Documents\4th 
year\server\test-delete-ca
tegory.js
    at 
Object.getPackageJSONURL (
node:internal/modules/pack
age_json_reader:316:9)
    at packageResolve (nod
e:internal/modules/esm/res
olve:768:81)
    at moduleResolve (node
:internal/modules/esm/reso
lve:859:18)
    at defaultResolve (nod
e:internal/modules/esm/res
olve:991:11)
    at 
#cachedDefaultResolve (nod
e:internal/modules/esm/loa
der:712:20)
    at #resolveAndMaybeBlo
ckOnLoaderThread (node:int
ernal/modules/esm/loader:7
29:38)
    at 
ModuleLoader.resolveSync (
node:internal/modules/esm/
loader:758:52)
    at #resolve (node:inte
rnal/modules/esm/loader:69
4:17)
    at ModuleLoader.getOrC
reateModuleJob (node:inter
nal/modules/esm/loader:614
:35)
    at ModuleJob.syncLink 
(node:internal/modules/esm
/module_job:160:33) {
  code: 
'ERR_MODULE_NOT_FOUND'
}

Node.js v25.4.0
